{
    "name": "flare",
    "children": [
        {
            "name": "child",
            "children": [
                {
                    "name": "a.txt",
                    "data": {}
                }
            ]
        },
        {
            "name": "parent.clj",
            "data": {}
        }
    ]
}