{
    "name": "flare",
    "children": [
        {
            "name": "child",
            "children": [
                {
                    "name": "a.txt",
                    "data": {
                        "foo": "bar",
                        "filename": "./tests/data/simple/child/a.txt"
                    }
                }
            ]
        },
        {
            "name": "parent.clj",
            "data": {
                "foo": "bar",
                "filename": "./tests/data/simple/parent.clj"
            }
        }
    ]
}