{
    "name": "flare",
    "children": [
        {
            "name": "child",
            "children": [
                {
                    "name": "a.txt",
                    "data": {
                        "count": 2
                    }
                }
            ],
            "data": {
                "count": 1
            }
        },
        {
            "name": "parent.clj",
            "data": {
                "count": 3
            }
        }
    ],
    "data": {
        "count": 0
    }
}