{
  "simple/parent.clj": [
    {
      "id": "0dbd54d4c524ecc776f381e660cce9b2dd92162c",
      "committer": {
        "name": "Korny Sietsma",
        "email": "korny@sietsma.com"
      },
      "commit_time": 1558524371,
      "author": {
        "name": "Korny Sietsma",
        "email": "korny@sietsma.com"
      },
      "author_time": 1558524371,
      "co_authors": [],
      "change": "Modify",
      "lines_added": 1,
      "lines_deleted": 0
    },
    {
      "id": "a0ae9997cfdf49fd0cbf54dacc72c778af337519",
      "committer": {
        "name": "Korny Sietsma",
        "email": "korny@sietsma.com"
      },
      "commit_time": 1558521550,
      "author": {
        "name": "Korny Sietsma",
        "email": "korny@sietsma.com"
      },
      "author_time": 1558521550,
      "co_authors": [
        {
          "name": "hermoine",
          "email": "hgranger@durmstrang.de"
        }
      ],
      "change": "Modify",
      "lines_added": 3,
      "lines_deleted": 1
    },
    {
      "id": "ca239efb9b26db57ac9e2ec3e2df1c42578a46f8",
      "committer": {
        "name": "Korny Sietsma",
        "email": "korny@sietsma.com"
      },
      "commit_time": 1558521386,
      "author": {
        "name": "Korny Sietsma",
        "email": "korny@sietsma.com"
      },
      "author_time": 1558521386,
      "co_authors": [],
      "change": "Add",
      "lines_added": 4,
      "lines_deleted": 0
    }
  ],
  "simple/child/a.txt": [
    {
      "id": "a0ae9997cfdf49fd0cbf54dacc72c778af337519",
      "committer": {
        "name": "Korny Sietsma",
        "email": "korny@sietsma.com"
      },
      "commit_time": 1558521550,
      "author": {
        "name": "Korny Sietsma",
        "email": "korny@sietsma.com"
      },
      "author_time": 1558521550,
      "co_authors": [
        {
          "name": "hermoine",
          "email": "hgranger@durmstrang.de"
        }
      ],
      "change": "Modify",
      "lines_added": 1,
      "lines_deleted": 1
    },
    {
      "id": "cdf8709362c267198d04d47e55e66071fdd5f52b",
      "committer": {
        "name": "Korny Sietsma",
        "email": "korny@sietsma.com"
      },
      "commit_time": 1558521648,
      "author": {
        "name": "Korny Sietsma",
        "email": "korny@sietsma.com"
      },
      "author_time": 1558521648,
      "co_authors": [],
      "change": "Modify",
      "lines_added": 1,
      "lines_deleted": 2
    },
    {
      "id": "ca239efb9b26db57ac9e2ec3e2df1c42578a46f8",
      "committer": {
        "name": "Korny Sietsma",
        "email": "korny@sietsma.com"
      },
      "commit_time": 1558521386,
      "author": {
        "name": "Korny Sietsma",
        "email": "korny@sietsma.com"
      },
      "author_time": 1558521386,
      "co_authors": [],
      "change": "Add",
      "lines_added": 2,
      "lines_deleted": 0
    }
  ],
  "simple/child/a_renamed.txt": [
    {
      "id": "93ae0c7c7cd93b3c4ea1bf103bde4deafef798ad",
      "committer": {
        "name": "Korny Sietsma",
        "email": "korny@sietsma.com"
      },
      "commit_time": 1558533240,
      "author": {
        "name": "Korny Sietsma",
        "email": "korny@sietsma.com"
      },
      "author_time": 1558533240,
      "co_authors": [],
      "change": "Rename",
      "lines_added": 0,
      "lines_deleted": 0
    }
  ]
}
