{
  "entries": [
    {
      "id": "93ae0c7c7cd93b3c4ea1bf103bde4deafef798ad",
      "summary": "renaming",
      "parents": [
        "0dbd54d4c524ecc776f381e660cce9b2dd92162c"
      ],
      "committer": {
        "name": "Korny Sietsma",
        "email": "korny@sietsma.com"
      },
      "commit_time": 1558533240,
      "author": {
        "name": "Korny Sietsma",
        "email": "korny@sietsma.com"
      },
      "author_time": 1558533240,
      "co_authors": [],
      "file_changes": [
        {
          "file": "simple/child/a_renamed.txt",
          "old_file": "simple/child/a.txt",
          "change": "Rename",
          "lines_added": 0,
          "lines_deleted": 0
        }
      ]
    },
    {
      "id": "0dbd54d4c524ecc776f381e660cce9b2dd92162c",
      "summary": "just changed parent.clj",
      "parents": [
        "1ef4f2a8301699964d7bb397d3f2e86d8d9776b3"
      ],
      "committer": {
        "name": "Korny Sietsma",
        "email": "korny@sietsma.com"
      },
      "commit_time": 1558524371,
      "author": {
        "name": "Korny Sietsma",
        "email": "korny@sietsma.com"
      },
      "author_time": 1558524371,
      "co_authors": [],
      "file_changes": [
        {
          "file": "simple/parent.clj",
          "old_file": null,
          "change": "Modify",
          "lines_added": 1,
          "lines_deleted": 0
        }
      ]
    },
    {
      "id": "1ef4f2a8301699964d7bb397d3f2e86d8d9776b3",
      "summary": "Merge branch 'fiddling'",
      "parents": [
        "cdf8709362c267198d04d47e55e66071fdd5f52b",
        "a0ae9997cfdf49fd0cbf54dacc72c778af337519"
      ],
      "committer": {
        "name": "Korny Sietsma",
        "email": "korny@sietsma.com"
      },
      "commit_time": 1558521695,
      "author": {
        "name": "Korny Sietsma",
        "email": "korny@sietsma.com"
      },
      "author_time": 1558521695,
      "co_authors": [],
      "file_changes": [
        {
          "file": "simple/child/a.txt",
          "old_file": null,
          "change": "Modify",
          "lines_added": 3,
          "lines_deleted": 1
        },
        {
          "file": "simple/parent.clj",
          "old_file": null,
          "change": "Modify",
          "lines_added": 3,
          "lines_deleted": 1
        },
        {
          "file": "simple/child/a.txt",
          "old_file": null,
          "change": "Modify",
          "lines_added": 1,
          "lines_deleted": 0
        }
      ]
    },
    {
      "id": "cdf8709362c267198d04d47e55e66071fdd5f52b",
      "summary": "removed excess line",
      "parents": [
        "ca239efb9b26db57ac9e2ec3e2df1c42578a46f8"
      ],
      "committer": {
        "name": "Korny Sietsma",
        "email": "korny@sietsma.com"
      },
      "commit_time": 1558521648,
      "author": {
        "name": "Korny Sietsma",
        "email": "korny@sietsma.com"
      },
      "author_time": 1558521648,
      "co_authors": [],
      "file_changes": [
        {
          "file": "simple/child/a.txt",
          "old_file": null,
          "change": "Modify",
          "lines_added": 1,
          "lines_deleted": 2
        }
      ]
    },
    {
      "id": "a0ae9997cfdf49fd0cbf54dacc72c778af337519",
      "summary": "made some changes with a bigger comment",
      "parents": [
        "ca239efb9b26db57ac9e2ec3e2df1c42578a46f8"
      ],
      "committer": {
        "name": "Korny Sietsma",
        "email": "korny@sietsma.com"
      },
      "commit_time": 1558521550,
      "author": {
        "name": "Korny Sietsma",
        "email": "korny@sietsma.com"
      },
      "author_time": 1558521550,
      "co_authors": [
        {
          "name": "hermoine",
          "email": "hgranger@durmstrang.de"
        }
      ],
      "file_changes": [
        {
          "file": "simple/child/a.txt",
          "old_file": null,
          "change": "Modify",
          "lines_added": 1,
          "lines_deleted": 1
        },
        {
          "file": "simple/parent.clj",
          "old_file": null,
          "change": "Modify",
          "lines_added": 3,
          "lines_deleted": 1
        }
      ]
    },
    {
      "id": "ca239efb9b26db57ac9e2ec3e2df1c42578a46f8",
      "summary": "first commit",
      "parents": [],
      "committer": {
        "name": "Korny Sietsma",
        "email": "korny@sietsma.com"
      },
      "commit_time": 1558521386,
      "author": {
        "name": "Korny Sietsma",
        "email": "korny@sietsma.com"
      },
      "author_time": 1558521386,
      "co_authors": [],
      "file_changes": [
        {
          "file": "simple/child/a.txt",
          "old_file": null,
          "change": "Add",
          "lines_added": 2,
          "lines_deleted": 0
        },
        {
          "file": "simple/parent.clj",
          "old_file": null,
          "change": "Add",
          "lines_added": 4,
          "lines_deleted": 0
        }
      ]
    }
  ]
}