{
    "name": "flare",
    "children": [
        {
            "name": "simple",
            "children": [
                {
                    "name": "child",
                    "children": [
                        {
                            "name": "a_renamed.txt",
                            "data": {
                                "git": {
                                    "age_in_days": 0,
                                    "last_update": 1558533240,
                                    "user_count": 1
                                }
                            }
                        }
                    ]
                },
                {
                    "name": "parent.clj",
                    "data": {
                        "git": {
                            "age_in_days": 0,
                            "last_update": 1558524371,
                            "user_count": 2
                        }
                    }
                }
            ]
        }
    ]
}