{
  "name": "flare",
  "children": [
    {
      "name": "simple",
      "children": [
        {
          "name": "child",
          "children": [
            {
              "name": "a_renamed.txt",
              "data": {
                "git": {
                  "age_in_days": 0,
                  "creation_date": null,
                  "last_update": 1558533240,
                  "user_count": 1,
                  "users": [0],
                  "details": [
                    {
                      "commit_day": 1558483200,
                      "commits": 1,
                      "lines_added": 0,
                      "lines_deleted": 0,
                      "users": [0]
                    }
                  ]
                }
              }
            }
          ]
        },
        {
          "name": "parent.clj",
          "data": {
            "git": {
              "age_in_days": 0,
              "creation_date": 1558521386,
              "last_update": 1558524371,
              "user_count": 2,
              "users": [0, 1],
              "details": [
                {
                  "commit_day": 1558483200,
                  "commits": 3,
                  "lines_added": 8,
                  "lines_deleted": 1,
                  "users": [1, 0]
                }
              ]
            }
          }
        }
      ]
    }
  ],
  "data": {
    "git": {
      "head": "93ae0c7c7cd93b3c4ea1bf103bde4deafef798ad",
      "remote_url": null
    }
  }
}
